
> as-4_frontend_nextjs@0.1.0 build
> next build

Γû▓ Next.js 16.1.6 (Turbopack)
- Environments: .env
- Experiments (use with caution):
  ┬╖ optimizePackageImports

  Creating an optimized production build ...
Γ£ô Compiled successfully in 9.8s
  Running TypeScript ...
node.exe : Failed to compile.
At line:1 char:1
+ & "C:\Program 
Files\nodejs/node.exe" "C:\Program 
Files\nodejs/node_mo ...
+ ~~~~~~~~~~~~~~~~~~~~~~~~~~~~~~~~~~
~~~~~~~~~~~~~~~~~~~~~~~~~~~~~~~~~~~
    + CategoryInfo          :     
NotSpecified: (Failed to     
compile.:String) [], Rem    
oteException
    + FullyQualifiedErrorId :     
NativeCommandError
 

.next/dev/types/validator.ts:233:39
Type error: Cannot find module '../.
./../app/(dashboard)/settings/notifi
cations/page.js' or its 
corresponding type declarations.

[0m [90m 231 |[39m {
 [90m 232 |[39m   type __IsExpecte
d[33m<[39m[33mSpecific[39m 
[36mextends[39m [33mAppPageConfig
[39m[33m<[39m[32m"/settings/noti
fications"[39m[33m>>[39m 
[33m=[39m [33mSpecific[39m
[31m[1m>[22m[39m[90m 233 
|[39m   [36mconst[39m handler 
[33m=[39m {} [36mas[39m 
[36mtypeof[39m [36mimport[39m([
32m"../../../app/(dashboard)/setting
s/notifications/page.js"[39m)
 [90m     |[39m                   
                    
[31m[1m^[22m[39m
 [90m 234 |[39m   type __Check 
[33m=[39m __IsExpected[33m<[39m
[36mtypeof[39m handler[33m>[39m
 [90m 235 |[39m   [90m// 
@ts-ignore[39m
 [90m 236 |[39m   type __Unused 
[33m=[39m __Check[0m
Next.js build worker exited with 
code: 1 and signal: null
