
> as-4_frontend_nextjs@0.1.0 build
> next build

Γû▓ Next.js 16.1.6 (Turbopack)
- Environments: .env
- Experiments (use with caution):
  ┬╖ optimizePackageImports

  Creating an optimized production build ...
Γ£ô Compiled successfully in 11.4s
  Running TypeScript ...
  Collecting page data using 11 workers ...
  Generating static pages using 11 workers (0/26) ...
  Generating static pages using 11 workers (6/26) 
  Generating static pages using 11 workers (12/26) 
  Generating static pages using 11 workers (19/26) 
Γ£ô Generating static pages using 11 workers (26/26) in 1180.7ms
  Finalizing page optimization ...

Route (app)
Γöî Γùï /_not-found
Γö£ ╞Æ /api/upload/presign
Γö£ Γùï /audit-logs
Γö£ Γùï /control-panel
Γö£ Γùï /dashboard
Γö£ Γùï /departments
Γö£ Γùï /designations
Γö£ Γùï /dev-logger
Γö£ Γùï /employees
Γö£ Γùï /forgot-password
Γö£ Γùï /history
Γö£ Γùï /login
Γö£ Γùï /notifications
Γö£ Γùï /profile
Γö£ Γùï /redeem
Γö£ Γùï /reset-password
Γö£ Γùï /review
Γö£ Γùï /review-categories
Γö£ Γùï /reviews
Γö£ Γùï /reward-categories
Γö£ Γùï /rewards
Γö£ Γùï /roles
Γö£ Γùï /statuses
Γö£ ╞Æ /team-report/[id]
Γöö Γùï /wallet


Γùï  (Static)   prerendered as static content
╞Æ  (Dynamic)  server-rendered on demand

